
Memory Configuration

Name             Origin             Length             Attributes
*default*        0x00000000         0xffffffff

Linker script and memory map

                0x00008000                . = 0x8000

.text           0x00008000      0x330
 *(.text*)
 .text          0x00008000       0xa0 vectors.o
                0x00008000                _start
                0x00008068                dummy
                0x0000806c                start_mmu
 .text          0x000080a0      0x1a4 rpmv0.o
                0x000080a0                PUT32(unsigned int, unsigned int)
                0x000080a8                GET32(unsigned int)
                0x000080b0                GPIO_SET(unsigned int)
                0x000080c4                GPIO_CLR(unsigned int)
                0x000080d8                GPIO_PUT(unsigned int, unsigned int)
                0x000080f0                GPIO_PUT2(unsigned int, unsigned int)
                0x00008108                GPIO_GET0()
                0x0000811c                GPIO_GETA()
                0x00008148                GetAddress()
                0x00008180                GetData()
                0x0000819c                UNTIL_SLTSL_LOW()
                0x000081c8                mmu_section(unsigned int, unsigned int, unsigned int)
                0x000081f4                mmu_small(unsigned int, unsigned int, unsigned int, unsigned int)
                0x00008240                fiq_vector()
 .text.startup  0x00008244       0xec rpmv0.o
                0x00008244                main
                0x00008330                _etext = .

.glue_7         0x00008330        0x0
 .glue_7        0x00008330        0x0 linker stubs

.glue_7t        0x00008330        0x0
 .glue_7t       0x00008330        0x0 linker stubs

.vfp11_veneer   0x00008330        0x0
 .vfp11_veneer  0x00008330        0x0 linker stubs

.v4_bx          0x00008330        0x0
 .v4_bx         0x00008330        0x0 linker stubs

.iplt           0x00008330        0x0
 .iplt          0x00008330        0x0 vectors.o

.rodata         0x00008330     0x4020
 *(.rodata*)
 .rodata        0x00008330     0x4020 rpmv0.o

.rel.dyn        0x0000c350        0x0
 .rel.iplt      0x0000c350        0x0 vectors.o

.init_array     0x0000c350        0x0
                0x0000c350                __init_start = .
 *(.init_array*)
                0x0000c350                __init_end = .

.ARM.exidx      0x0000c350        0x0
                0x0000c350                __exidx_start = .
 *(.ARM.exidx*)
                0x0000c350                __exidx_end = .

.data           0x0000c350        0x4
 *(.data*)
 .data          0x0000c350        0x0 vectors.o
 .data          0x0000c350        0x4 rpmv0.o
                0x0000c350                gpio

.igot.plt       0x0000c354        0x0
 .igot.plt      0x0000c354        0x0 vectors.o

.bss            0x0000c354        0x0
                0x0000c354                __bss_start = .
 *(.bss*)
 .bss           0x0000c354        0x0 vectors.o
 .bss           0x0000c354        0x0 rpmv0.o
 *(COMMON)
                0x0000c354                _end = .
LOAD vectors.o
LOAD rpmv0.o
LOAD c:/msys64/opt/arm/bin/../lib/gcc/arm-none-eabi/7.2.1/thumb/v7-ar/fpv3/hard/libgcc.a
LOAD C:/msys64/home/meesokim/c1/lib/libcircle3.a
LOAD c:/msys64/opt/arm/bin/../lib/gcc/arm-none-eabi/7.2.1/thumb/v7-ar/fpv3/hard/libgcc.a
OUTPUT(kernel8-32.elf elf32-littlearm)

.ARM.attributes
                0x00000000       0x35
 .ARM.attributes
                0x00000000       0x25 vectors.o
 .ARM.attributes
                0x00000025       0x39 rpmv0.o

.comment        0x00000000       0x7e
 .comment       0x00000000       0x7e rpmv0.o
                                 0x7f (size before relaxing)

.debug_info     0x00000000      0x6d4
 .debug_info    0x00000000      0x6d4 rpmv0.o

.debug_abbrev   0x00000000      0x290
 .debug_abbrev  0x00000000      0x290 rpmv0.o

.debug_loc      0x00000000      0x527
 .debug_loc     0x00000000      0x527 rpmv0.o

.debug_aranges  0x00000000       0x28
 .debug_aranges
                0x00000000       0x28 rpmv0.o

.debug_ranges   0x00000000      0x110
 .debug_ranges  0x00000000      0x110 rpmv0.o

.debug_line     0x00000000      0x166
 .debug_line    0x00000000      0x166 rpmv0.o

.debug_str      0x00000000      0x32f
 .debug_str     0x00000000      0x32f rpmv0.o
                                0x348 (size before relaxing)

.debug_frame    0x00000000      0x11c
 .debug_frame   0x00000000      0x11c rpmv0.o
