
Memory Configuration

Name             Origin             Length             Attributes
*default*        0x00000000         0xffffffff

Linker script and memory map

                0x00008000                . = 0x8000

.text           0x00008000      0x3d8
 *(.text*)
 .text          0x00008000       0x68 vectors.o
                0x00008000                _start
                0x00008030                dummy
                0x00008034                start_mmu
 .text          0x00008068      0x174 rpmv0.o
                0x00008068                PUT32(unsigned int, unsigned int)
                0x00008070                GET32(unsigned int)
                0x00008078                GPIO_SET(unsigned int)
                0x0000808c                GPIO_CLR(unsigned int)
                0x000080a0                GPIO_PUT(unsigned int, unsigned int)
                0x000080b8                GPIO_GET0()
                0x000080cc                GPIO_GETA()
                0x000080f8                GetAddress()
                0x00008130                GetData()
                0x00008160                mmu_section(unsigned int, unsigned int, unsigned int)
                0x0000818c                mmu_small(unsigned int, unsigned int, unsigned int, unsigned int)
                0x000081d8                fiq_vector()
 .text.startup  0x000081dc      0x1fc rpmv0.o
                0x000081dc                main
                0x000083d8                _etext = .

.glue_7         0x000083d8        0x0
 .glue_7        0x000083d8        0x0 linker stubs

.glue_7t        0x000083d8        0x0
 .glue_7t       0x000083d8        0x0 linker stubs

.vfp11_veneer   0x000083d8        0x0
 .vfp11_veneer  0x000083d8        0x0 linker stubs

.v4_bx          0x000083d8        0x0
 .v4_bx         0x000083d8        0x0 linker stubs

.iplt           0x000083d8        0x0
 .iplt          0x000083d8        0x0 vectors.o

.rodata         0x000083d8   0x200010
 *(.rodata*)
 .rodata        0x000083d8   0x200010 rpmv0.o

.rel.dyn        0x002083e8        0x0
 .rel.iplt      0x002083e8        0x0 vectors.o

.init_array     0x002083e8        0x0
                0x002083e8                __init_start = .
 *(.init_array*)
                0x002083e8                __init_end = .

.ARM.exidx      0x002083e8        0x0
                0x002083e8                __exidx_start = .
 *(.ARM.exidx*)
                0x002083e8                __exidx_end = .

.data           0x002083e8        0x4
 *(.data*)
 .data          0x002083e8        0x0 vectors.o
 .data          0x002083e8        0x4 rpmv0.o
                0x002083e8                gpio

.igot.plt       0x002083ec        0x0
 .igot.plt      0x002083ec        0x0 vectors.o

.bss            0x002083ec        0x0
                0x002083ec                __bss_start = .
 *(.bss*)
 .bss           0x002083ec        0x0 vectors.o
 .bss           0x002083ec        0x0 rpmv0.o
 *(COMMON)
                0x002083ec                _end = .
LOAD vectors.o
LOAD rpmv0.o
LOAD c:/msys64/opt/arm/2017q4/bin/../lib/gcc/arm-none-eabi/7.2.1/hard/libgcc.a
LOAD C:/msys64/home/meesokim/c1/lib/libcircle1.a
LOAD c:/msys64/opt/arm/2017q4/bin/../lib/gcc/arm-none-eabi/7.2.1/hard/libgcc.a
OUTPUT(kernel.elf elf32-littlearm)

.ARM.attributes
                0x00000000       0x2b
 .ARM.attributes
                0x00000000       0x1b vectors.o
 .ARM.attributes
                0x0000001b       0x2f rpmv0.o

.comment        0x00000000       0x7e
 .comment       0x00000000       0x7e rpmv0.o
                                 0x7f (size before relaxing)

.debug_info     0x00000000      0x8ae
 .debug_info    0x00000000      0x8ae rpmv0.o

.debug_abbrev   0x00000000      0x2cb
 .debug_abbrev  0x00000000      0x2cb rpmv0.o

.debug_loc      0x00000000      0x714
 .debug_loc     0x00000000      0x714 rpmv0.o

.debug_aranges  0x00000000       0x28
 .debug_aranges
                0x00000000       0x28 rpmv0.o

.debug_ranges   0x00000000      0x1c8
 .debug_ranges  0x00000000      0x1c8 rpmv0.o

.debug_line     0x00000000      0x1a6
 .debug_line    0x00000000      0x1a6 rpmv0.o

.debug_str      0x00000000      0x28c
 .debug_str     0x00000000      0x28c rpmv0.o
                                0x299 (size before relaxing)

.debug_frame    0x00000000       0xfc
 .debug_frame   0x00000000       0xfc rpmv0.o
