TimeQuest Timing Analyzer report for RPMPv3
Mon Apr 23 00:09:58 2018
Quartus Prime Version 17.1.0 Build 590 10/25/2017 SJ Lite Edition


---------------------
; Table of Contents ;
---------------------
  1. Legal Notice
  2. TimeQuest Timing Analyzer Summary
  3. Parallel Compilation
  4. Clocks
  5. Fmax Summary
  6. Setup Summary
  7. Hold Summary
  8. Recovery Summary
  9. Removal Summary
 10. Minimum Pulse Width Summary
 11. Setup: 'ufm|maxii_ufm_block1|osc'
 12. Hold: 'ufm|maxii_ufm_block1|osc'
 13. Setup Transfers
 14. Hold Transfers
 15. Report TCCS
 16. Report RSKM
 17. Unconstrained Paths Summary
 18. Clock Status Summary
 19. Unconstrained Input Ports
 20. Unconstrained Output Ports
 21. Unconstrained Input Ports
 22. Unconstrained Output Ports
 23. TimeQuest Timing Analyzer Messages



----------------
; Legal Notice ;
----------------
Copyright (C) 2017  Intel Corporation. All rights reserved.
Your use of Intel Corporation's design tools, logic functions 
and other software and tools, and its AMPP partner logic 
functions, and any output files from any of the foregoing 
(including device programming or simulation files), and any 
associated documentation or information are expressly subject 
to the terms and conditions of the Intel Program License 
Subscription Agreement, the Intel Quartus Prime License Agreement,
the Intel FPGA IP License Agreement, or other applicable license
agreement, including, without limitation, that your use is for
the sole purpose of programming logic devices manufactured by
Intel and sold by Intel or its authorized distributors.  Please
refer to the applicable agreement for further details.



+-----------------------------------------------------------------------------+
; TimeQuest Timing Analyzer Summary                                           ;
+-----------------------+-----------------------------------------------------+
; Quartus Prime Version ; Version 17.1.0 Build 590 10/25/2017 SJ Lite Edition ;
; Timing Analyzer       ; TimeQuest                                           ;
; Revision Name         ; RPMPv3                                              ;
; Device Family         ; MAX II                                              ;
; Device Name           ; EPM240T100C5                                        ;
; Timing Models         ; Final                                               ;
; Delay Model           ; Slow Model                                          ;
; Rise/Fall Delays      ; Unavailable                                         ;
+-----------------------+-----------------------------------------------------+


+------------------------------------------+
; Parallel Compilation                     ;
+----------------------------+-------------+
; Processors                 ; Number      ;
+----------------------------+-------------+
; Number detected on machine ; 4           ;
; Maximum allowed            ; 4           ;
;                            ;             ;
; Average used               ; 1.00        ;
; Maximum used               ; 1           ;
;                            ;             ;
; Usage by Processor         ; % Time Used ;
;     Processor 1            ; 100.0%      ;
+----------------------------+-------------+


+---------------------------------------------------------------------------------------------------------------------------------------------------------------------------------------------------------------------+
; Clocks                                                                                                                                                                                                              ;
+--------------------------+------+---------+-----------+-------+--------+------------+-----------+-------------+-------+--------+-----------+------------+----------+--------+--------+------------------------------+
; Clock Name               ; Type ; Period  ; Frequency ; Rise  ; Fall   ; Duty Cycle ; Divide by ; Multiply by ; Phase ; Offset ; Edge List ; Edge Shift ; Inverted ; Master ; Source ; Targets                      ;
+--------------------------+------+---------+-----------+-------+--------+------------+-----------+-------------+-------+--------+-----------+------------+----------+--------+--------+------------------------------+
; ufm|maxii_ufm_block1|osc ; Base ; 181.818 ; 5.5 MHz   ; 0.000 ; 90.909 ;            ;           ;             ;       ;        ;           ;            ;          ;        ;        ; { ufm|maxii_ufm_block1|osc } ;
+--------------------------+------+---------+-----------+-------+--------+------------+-----------+-------------+-------+--------+-----------+------------+----------+--------+--------+------------------------------+


+---------------------------------------------------------------+
; Fmax Summary                                                  ;
+-----------+-----------------+--------------------------+------+
; Fmax      ; Restricted Fmax ; Clock Name               ; Note ;
+-----------+-----------------+--------------------------+------+
; 61.85 MHz ; 61.85 MHz       ; ufm|maxii_ufm_block1|osc ;      ;
+-----------+-----------------+--------------------------+------+
This panel reports FMAX for every clock in the design, regardless of the user-specified clock periods.  FMAX is only computed for paths where the source and destination registers or ports are driven by the same clock.  Paths of different clocks, including generated clocks, are ignored.  For paths between a clock and its inversion, FMAX is computed as if the rising and falling edges are scaled along with FMAX, such that the duty cycle (in terms of a percentage) is maintained. Altera recommends that you always use clock constraints and other slack reports for sign-off analysis.


+----------------------------------------------------+
; Setup Summary                                      ;
+--------------------------+---------+---------------+
; Clock                    ; Slack   ; End Point TNS ;
+--------------------------+---------+---------------+
; ufm|maxii_ufm_block1|osc ; 165.649 ; 0.000         ;
+--------------------------+---------+---------------+


+--------------------------------------------------+
; Hold Summary                                     ;
+--------------------------+-------+---------------+
; Clock                    ; Slack ; End Point TNS ;
+--------------------------+-------+---------------+
; ufm|maxii_ufm_block1|osc ; 1.408 ; 0.000         ;
+--------------------------+-------+---------------+


--------------------
; Recovery Summary ;
--------------------
No paths to report.


-------------------
; Removal Summary ;
-------------------
No paths to report.


+---------------------------------------------------+
; Minimum Pulse Width Summary                       ;
+--------------------------+--------+---------------+
; Clock                    ; Slack  ; End Point TNS ;
+--------------------------+--------+---------------+
; ufm|maxii_ufm_block1|osc ; 90.643 ; 0.000         ;
+--------------------------+--------+---------------+


+--------------------------------------------------------------------------------------------------------------------------------+
; Setup: 'ufm|maxii_ufm_block1|osc'                                                                                              ;
+---------+-----------+-----------+--------------------------+--------------------------+--------------+------------+------------+
; Slack   ; From Node ; To Node   ; Launch Clock             ; Latch Clock              ; Relationship ; Clock Skew ; Data Delay ;
+---------+-----------+-----------+--------------------------+--------------------------+--------------+------------+------------+
; 165.649 ; errors[7] ; errors[6] ; ufm|maxii_ufm_block1|osc ; ufm|maxii_ufm_block1|osc ; 181.818      ; 0.000      ; 15.836     ;
; 165.649 ; errors[7] ; errors[4] ; ufm|maxii_ufm_block1|osc ; ufm|maxii_ufm_block1|osc ; 181.818      ; 0.000      ; 15.836     ;
; 165.732 ; errors[5] ; errors[6] ; ufm|maxii_ufm_block1|osc ; ufm|maxii_ufm_block1|osc ; 181.818      ; 0.000      ; 15.753     ;
; 165.732 ; errors[5] ; errors[4] ; ufm|maxii_ufm_block1|osc ; ufm|maxii_ufm_block1|osc ; 181.818      ; 0.000      ; 15.753     ;
; 165.747 ; errors[7] ; errors[7] ; ufm|maxii_ufm_block1|osc ; ufm|maxii_ufm_block1|osc ; 181.818      ; 0.000      ; 15.738     ;
; 165.796 ; errors[7] ; errors[5] ; ufm|maxii_ufm_block1|osc ; ufm|maxii_ufm_block1|osc ; 181.818      ; 0.000      ; 15.689     ;
; 165.830 ; errors[5] ; errors[7] ; ufm|maxii_ufm_block1|osc ; ufm|maxii_ufm_block1|osc ; 181.818      ; 0.000      ; 15.655     ;
; 165.879 ; errors[5] ; errors[5] ; ufm|maxii_ufm_block1|osc ; ufm|maxii_ufm_block1|osc ; 181.818      ; 0.000      ; 15.606     ;
; 166.453 ; errors[7] ; errors[3] ; ufm|maxii_ufm_block1|osc ; ufm|maxii_ufm_block1|osc ; 181.818      ; 0.000      ; 15.032     ;
; 166.536 ; errors[5] ; errors[3] ; ufm|maxii_ufm_block1|osc ; ufm|maxii_ufm_block1|osc ; 181.818      ; 0.000      ; 14.949     ;
; 166.540 ; errors[7] ; errors[2] ; ufm|maxii_ufm_block1|osc ; ufm|maxii_ufm_block1|osc ; 181.818      ; 0.000      ; 14.945     ;
; 166.623 ; errors[5] ; errors[2] ; ufm|maxii_ufm_block1|osc ; ufm|maxii_ufm_block1|osc ; 181.818      ; 0.000      ; 14.862     ;
; 166.936 ; errors[7] ; errors[1] ; ufm|maxii_ufm_block1|osc ; ufm|maxii_ufm_block1|osc ; 181.818      ; 0.000      ; 14.549     ;
; 166.936 ; errors[7] ; errors[0] ; ufm|maxii_ufm_block1|osc ; ufm|maxii_ufm_block1|osc ; 181.818      ; 0.000      ; 14.549     ;
; 167.019 ; errors[5] ; errors[1] ; ufm|maxii_ufm_block1|osc ; ufm|maxii_ufm_block1|osc ; 181.818      ; 0.000      ; 14.466     ;
; 167.019 ; errors[5] ; errors[0] ; ufm|maxii_ufm_block1|osc ; ufm|maxii_ufm_block1|osc ; 181.818      ; 0.000      ; 14.466     ;
; 167.444 ; errors[6] ; errors[6] ; ufm|maxii_ufm_block1|osc ; ufm|maxii_ufm_block1|osc ; 181.818      ; 0.000      ; 14.041     ;
; 167.444 ; errors[6] ; errors[4] ; ufm|maxii_ufm_block1|osc ; ufm|maxii_ufm_block1|osc ; 181.818      ; 0.000      ; 14.041     ;
; 167.542 ; errors[6] ; errors[7] ; ufm|maxii_ufm_block1|osc ; ufm|maxii_ufm_block1|osc ; 181.818      ; 0.000      ; 13.943     ;
; 167.591 ; errors[6] ; errors[5] ; ufm|maxii_ufm_block1|osc ; ufm|maxii_ufm_block1|osc ; 181.818      ; 0.000      ; 13.894     ;
; 167.777 ; errors[1] ; errors[6] ; ufm|maxii_ufm_block1|osc ; ufm|maxii_ufm_block1|osc ; 181.818      ; 0.000      ; 13.708     ;
; 167.777 ; errors[1] ; errors[4] ; ufm|maxii_ufm_block1|osc ; ufm|maxii_ufm_block1|osc ; 181.818      ; 0.000      ; 13.708     ;
; 167.875 ; errors[1] ; errors[7] ; ufm|maxii_ufm_block1|osc ; ufm|maxii_ufm_block1|osc ; 181.818      ; 0.000      ; 13.610     ;
; 167.924 ; errors[1] ; errors[5] ; ufm|maxii_ufm_block1|osc ; ufm|maxii_ufm_block1|osc ; 181.818      ; 0.000      ; 13.561     ;
; 167.965 ; errors[4] ; errors[6] ; ufm|maxii_ufm_block1|osc ; ufm|maxii_ufm_block1|osc ; 181.818      ; 0.000      ; 13.520     ;
; 167.965 ; errors[4] ; errors[4] ; ufm|maxii_ufm_block1|osc ; ufm|maxii_ufm_block1|osc ; 181.818      ; 0.000      ; 13.520     ;
; 168.063 ; errors[4] ; errors[7] ; ufm|maxii_ufm_block1|osc ; ufm|maxii_ufm_block1|osc ; 181.818      ; 0.000      ; 13.422     ;
; 168.112 ; errors[4] ; errors[5] ; ufm|maxii_ufm_block1|osc ; ufm|maxii_ufm_block1|osc ; 181.818      ; 0.000      ; 13.373     ;
; 168.248 ; errors[6] ; errors[3] ; ufm|maxii_ufm_block1|osc ; ufm|maxii_ufm_block1|osc ; 181.818      ; 0.000      ; 13.237     ;
; 168.335 ; errors[6] ; errors[2] ; ufm|maxii_ufm_block1|osc ; ufm|maxii_ufm_block1|osc ; 181.818      ; 0.000      ; 13.150     ;
; 168.368 ; RATNr[1]  ; ioreq[21] ; ufm|maxii_ufm_block1|osc ; ufm|maxii_ufm_block1|osc ; 181.818      ; 0.000      ; 13.117     ;
; 168.541 ; RATNr[2]  ; ioreq[21] ; ufm|maxii_ufm_block1|osc ; ufm|maxii_ufm_block1|osc ; 181.818      ; 0.000      ; 12.944     ;
; 168.581 ; RATNr[1]  ; ioreq[29] ; ufm|maxii_ufm_block1|osc ; ufm|maxii_ufm_block1|osc ; 181.818      ; 0.000      ; 12.904     ;
; 168.581 ; errors[1] ; errors[3] ; ufm|maxii_ufm_block1|osc ; ufm|maxii_ufm_block1|osc ; 181.818      ; 0.000      ; 12.904     ;
; 168.668 ; errors[1] ; errors[2] ; ufm|maxii_ufm_block1|osc ; ufm|maxii_ufm_block1|osc ; 181.818      ; 0.000      ; 12.817     ;
; 168.722 ; RATNr[1]  ; ioreq[23] ; ufm|maxii_ufm_block1|osc ; ufm|maxii_ufm_block1|osc ; 181.818      ; 0.000      ; 12.763     ;
; 168.731 ; errors[6] ; errors[1] ; ufm|maxii_ufm_block1|osc ; ufm|maxii_ufm_block1|osc ; 181.818      ; 0.000      ; 12.754     ;
; 168.731 ; errors[6] ; errors[0] ; ufm|maxii_ufm_block1|osc ; ufm|maxii_ufm_block1|osc ; 181.818      ; 0.000      ; 12.754     ;
; 168.754 ; RATNr[2]  ; ioreq[29] ; ufm|maxii_ufm_block1|osc ; ufm|maxii_ufm_block1|osc ; 181.818      ; 0.000      ; 12.731     ;
; 168.769 ; errors[4] ; errors[3] ; ufm|maxii_ufm_block1|osc ; ufm|maxii_ufm_block1|osc ; 181.818      ; 0.000      ; 12.716     ;
; 168.809 ; RATNr[1]  ; ioreq[17] ; ufm|maxii_ufm_block1|osc ; ufm|maxii_ufm_block1|osc ; 181.818      ; 0.000      ; 12.676     ;
; 168.814 ; errors[0] ; errors[6] ; ufm|maxii_ufm_block1|osc ; ufm|maxii_ufm_block1|osc ; 181.818      ; 0.000      ; 12.671     ;
; 168.814 ; errors[0] ; errors[4] ; ufm|maxii_ufm_block1|osc ; ufm|maxii_ufm_block1|osc ; 181.818      ; 0.000      ; 12.671     ;
; 168.856 ; errors[4] ; errors[2] ; ufm|maxii_ufm_block1|osc ; ufm|maxii_ufm_block1|osc ; 181.818      ; 0.000      ; 12.629     ;
; 168.895 ; RATNr[2]  ; ioreq[23] ; ufm|maxii_ufm_block1|osc ; ufm|maxii_ufm_block1|osc ; 181.818      ; 0.000      ; 12.590     ;
; 168.912 ; errors[0] ; errors[7] ; ufm|maxii_ufm_block1|osc ; ufm|maxii_ufm_block1|osc ; 181.818      ; 0.000      ; 12.573     ;
; 168.961 ; errors[0] ; errors[5] ; ufm|maxii_ufm_block1|osc ; ufm|maxii_ufm_block1|osc ; 181.818      ; 0.000      ; 12.524     ;
; 168.970 ; errors[3] ; errors[6] ; ufm|maxii_ufm_block1|osc ; ufm|maxii_ufm_block1|osc ; 181.818      ; 0.000      ; 12.515     ;
; 168.970 ; errors[3] ; errors[4] ; ufm|maxii_ufm_block1|osc ; ufm|maxii_ufm_block1|osc ; 181.818      ; 0.000      ; 12.515     ;
; 168.982 ; RATNr[2]  ; ioreq[17] ; ufm|maxii_ufm_block1|osc ; ufm|maxii_ufm_block1|osc ; 181.818      ; 0.000      ; 12.503     ;
; 169.064 ; errors[1] ; errors[1] ; ufm|maxii_ufm_block1|osc ; ufm|maxii_ufm_block1|osc ; 181.818      ; 0.000      ; 12.421     ;
; 169.064 ; errors[1] ; errors[0] ; ufm|maxii_ufm_block1|osc ; ufm|maxii_ufm_block1|osc ; 181.818      ; 0.000      ; 12.421     ;
; 169.065 ; RATNr[1]  ; ioreq[31] ; ufm|maxii_ufm_block1|osc ; ufm|maxii_ufm_block1|osc ; 181.818      ; 0.000      ; 12.420     ;
; 169.068 ; errors[3] ; errors[7] ; ufm|maxii_ufm_block1|osc ; ufm|maxii_ufm_block1|osc ; 181.818      ; 0.000      ; 12.417     ;
; 169.117 ; errors[3] ; errors[5] ; ufm|maxii_ufm_block1|osc ; ufm|maxii_ufm_block1|osc ; 181.818      ; 0.000      ; 12.368     ;
; 169.238 ; RATNr[2]  ; ioreq[31] ; ufm|maxii_ufm_block1|osc ; ufm|maxii_ufm_block1|osc ; 181.818      ; 0.000      ; 12.247     ;
; 169.252 ; errors[4] ; errors[1] ; ufm|maxii_ufm_block1|osc ; ufm|maxii_ufm_block1|osc ; 181.818      ; 0.000      ; 12.233     ;
; 169.252 ; errors[4] ; errors[0] ; ufm|maxii_ufm_block1|osc ; ufm|maxii_ufm_block1|osc ; 181.818      ; 0.000      ; 12.233     ;
; 169.373 ; RATNr[1]  ; ioreq[25] ; ufm|maxii_ufm_block1|osc ; ufm|maxii_ufm_block1|osc ; 181.818      ; 0.000      ; 12.112     ;
; 169.391 ; RATNr[1]  ; ioreq[28] ; ufm|maxii_ufm_block1|osc ; ufm|maxii_ufm_block1|osc ; 181.818      ; 0.000      ; 12.094     ;
; 169.420 ; RATNr[1]  ; ioreq[10] ; ufm|maxii_ufm_block1|osc ; ufm|maxii_ufm_block1|osc ; 181.818      ; 0.000      ; 12.065     ;
; 169.546 ; RATNr[2]  ; ioreq[25] ; ufm|maxii_ufm_block1|osc ; ufm|maxii_ufm_block1|osc ; 181.818      ; 0.000      ; 11.939     ;
; 169.564 ; RATNr[2]  ; ioreq[28] ; ufm|maxii_ufm_block1|osc ; ufm|maxii_ufm_block1|osc ; 181.818      ; 0.000      ; 11.921     ;
; 169.581 ; RATNr[1]  ; ioreq[27] ; ufm|maxii_ufm_block1|osc ; ufm|maxii_ufm_block1|osc ; 181.818      ; 0.000      ; 11.904     ;
; 169.587 ; RATNr[1]  ; ioreq[19] ; ufm|maxii_ufm_block1|osc ; ufm|maxii_ufm_block1|osc ; 181.818      ; 0.000      ; 11.898     ;
; 169.593 ; RATNr[2]  ; ioreq[10] ; ufm|maxii_ufm_block1|osc ; ufm|maxii_ufm_block1|osc ; 181.818      ; 0.000      ; 11.892     ;
; 169.601 ; RATNr[1]  ; ioreq[5]  ; ufm|maxii_ufm_block1|osc ; ufm|maxii_ufm_block1|osc ; 181.818      ; 0.000      ; 11.884     ;
; 169.604 ; RATNr[0]  ; ioreq[21] ; ufm|maxii_ufm_block1|osc ; ufm|maxii_ufm_block1|osc ; 181.818      ; 0.000      ; 11.881     ;
; 169.618 ; errors[0] ; errors[3] ; ufm|maxii_ufm_block1|osc ; ufm|maxii_ufm_block1|osc ; 181.818      ; 0.000      ; 11.867     ;
; 169.639 ; RATNr[1]  ; ioreq[11] ; ufm|maxii_ufm_block1|osc ; ufm|maxii_ufm_block1|osc ; 181.818      ; 0.000      ; 11.846     ;
; 169.674 ; RATNr[1]  ; ioreq[3]  ; ufm|maxii_ufm_block1|osc ; ufm|maxii_ufm_block1|osc ; 181.818      ; 0.000      ; 11.811     ;
; 169.705 ; errors[0] ; errors[2] ; ufm|maxii_ufm_block1|osc ; ufm|maxii_ufm_block1|osc ; 181.818      ; 0.000      ; 11.780     ;
; 169.744 ; RATNr[1]  ; ioreq[7]  ; ufm|maxii_ufm_block1|osc ; ufm|maxii_ufm_block1|osc ; 181.818      ; 0.000      ; 11.741     ;
; 169.754 ; RATNr[2]  ; ioreq[27] ; ufm|maxii_ufm_block1|osc ; ufm|maxii_ufm_block1|osc ; 181.818      ; 0.000      ; 11.731     ;
; 169.760 ; RATNr[2]  ; ioreq[19] ; ufm|maxii_ufm_block1|osc ; ufm|maxii_ufm_block1|osc ; 181.818      ; 0.000      ; 11.725     ;
; 169.774 ; errors[3] ; errors[3] ; ufm|maxii_ufm_block1|osc ; ufm|maxii_ufm_block1|osc ; 181.818      ; 0.000      ; 11.711     ;
; 169.774 ; RATNr[2]  ; ioreq[5]  ; ufm|maxii_ufm_block1|osc ; ufm|maxii_ufm_block1|osc ; 181.818      ; 0.000      ; 11.711     ;
; 169.812 ; RATNr[2]  ; ioreq[11] ; ufm|maxii_ufm_block1|osc ; ufm|maxii_ufm_block1|osc ; 181.818      ; 0.000      ; 11.673     ;
; 169.817 ; RATNr[0]  ; ioreq[29] ; ufm|maxii_ufm_block1|osc ; ufm|maxii_ufm_block1|osc ; 181.818      ; 0.000      ; 11.668     ;
; 169.847 ; RATNr[2]  ; ioreq[3]  ; ufm|maxii_ufm_block1|osc ; ufm|maxii_ufm_block1|osc ; 181.818      ; 0.000      ; 11.638     ;
; 169.861 ; errors[3] ; errors[2] ; ufm|maxii_ufm_block1|osc ; ufm|maxii_ufm_block1|osc ; 181.818      ; 0.000      ; 11.624     ;
; 169.917 ; RATNr[2]  ; ioreq[7]  ; ufm|maxii_ufm_block1|osc ; ufm|maxii_ufm_block1|osc ; 181.818      ; 0.000      ; 11.568     ;
; 169.958 ; RATNr[0]  ; ioreq[23] ; ufm|maxii_ufm_block1|osc ; ufm|maxii_ufm_block1|osc ; 181.818      ; 0.000      ; 11.527     ;
; 169.960 ; RATNr[1]  ; ioreq[26] ; ufm|maxii_ufm_block1|osc ; ufm|maxii_ufm_block1|osc ; 181.818      ; 0.000      ; 11.525     ;
; 169.960 ; RATNr[1]  ; ioreq[18] ; ufm|maxii_ufm_block1|osc ; ufm|maxii_ufm_block1|osc ; 181.818      ; 0.000      ; 11.525     ;
; 169.963 ; RATNr[1]  ; ioreq[16] ; ufm|maxii_ufm_block1|osc ; ufm|maxii_ufm_block1|osc ; 181.818      ; 0.000      ; 11.522     ;
; 169.965 ; RATNr[1]  ; ioreq[24] ; ufm|maxii_ufm_block1|osc ; ufm|maxii_ufm_block1|osc ; 181.818      ; 0.000      ; 11.520     ;
; 169.997 ; RATNr[1]  ; ioreq[1]  ; ufm|maxii_ufm_block1|osc ; ufm|maxii_ufm_block1|osc ; 181.818      ; 0.000      ; 11.488     ;
; 170.030 ; RATNr[1]  ; ioreq[6]  ; ufm|maxii_ufm_block1|osc ; ufm|maxii_ufm_block1|osc ; 181.818      ; 0.000      ; 11.455     ;
; 170.034 ; RATNr[1]  ; ioreq[15] ; ufm|maxii_ufm_block1|osc ; ufm|maxii_ufm_block1|osc ; 181.818      ; 0.000      ; 11.451     ;
; 170.045 ; RATNr[0]  ; ioreq[17] ; ufm|maxii_ufm_block1|osc ; ufm|maxii_ufm_block1|osc ; 181.818      ; 0.000      ; 11.440     ;
; 170.082 ; RATNr[1]  ; ioreq[8]  ; ufm|maxii_ufm_block1|osc ; ufm|maxii_ufm_block1|osc ; 181.818      ; 0.000      ; 11.403     ;
; 170.099 ; RATNr[1]  ; ioreq[9]  ; ufm|maxii_ufm_block1|osc ; ufm|maxii_ufm_block1|osc ; 181.818      ; 0.000      ; 11.386     ;
; 170.101 ; errors[0] ; errors[1] ; ufm|maxii_ufm_block1|osc ; ufm|maxii_ufm_block1|osc ; 181.818      ; 0.000      ; 11.384     ;
; 170.101 ; errors[0] ; errors[0] ; ufm|maxii_ufm_block1|osc ; ufm|maxii_ufm_block1|osc ; 181.818      ; 0.000      ; 11.384     ;
; 170.113 ; RATNr[1]  ; ioreq[20] ; ufm|maxii_ufm_block1|osc ; ufm|maxii_ufm_block1|osc ; 181.818      ; 0.000      ; 11.372     ;
; 170.119 ; RATNr[1]  ; ioreq[12] ; ufm|maxii_ufm_block1|osc ; ufm|maxii_ufm_block1|osc ; 181.818      ; 0.000      ; 11.366     ;
; 170.132 ; RATNr[1]  ; ioreq[13] ; ufm|maxii_ufm_block1|osc ; ufm|maxii_ufm_block1|osc ; 181.818      ; 0.000      ; 11.353     ;
; 170.133 ; RATNr[2]  ; ioreq[26] ; ufm|maxii_ufm_block1|osc ; ufm|maxii_ufm_block1|osc ; 181.818      ; 0.000      ; 11.352     ;
; 170.133 ; RATNr[2]  ; ioreq[18] ; ufm|maxii_ufm_block1|osc ; ufm|maxii_ufm_block1|osc ; 181.818      ; 0.000      ; 11.352     ;
+---------+-----------+-----------+--------------------------+--------------------------+--------------+------------+------------+


+--------------------------------------------------------------------------------------------------------------------------------------+
; Hold: 'ufm|maxii_ufm_block1|osc'                                                                                                     ;
+-------+---------------+---------------+--------------------------+--------------------------+--------------+------------+------------+
; Slack ; From Node     ; To Node       ; Launch Clock             ; Latch Clock              ; Relationship ; Clock Skew ; Data Delay ;
+-------+---------------+---------------+--------------------------+--------------------------+--------------+------------+------------+
; 1.408 ; ATNr[1]       ; ATNr[2]       ; ufm|maxii_ufm_block1|osc ; ufm|maxii_ufm_block1|osc ; 0.000        ; 0.000      ; 1.629      ;
; 1.416 ; RATNr[1]      ; RATNr[2]      ; ufm|maxii_ufm_block1|osc ; ufm|maxii_ufm_block1|osc ; 0.000        ; 0.000      ; 1.637      ;
; 1.421 ; RATNr[0]      ; RATNr[1]      ; ufm|maxii_ufm_block1|osc ; ufm|maxii_ufm_block1|osc ; 0.000        ; 0.000      ; 1.642      ;
; 1.676 ; ioreq[19]     ; ioreq[19]     ; ufm|maxii_ufm_block1|osc ; ufm|maxii_ufm_block1|osc ; 0.000        ; 0.000      ; 1.897      ;
; 1.678 ; ioreq[9]      ; ioreq[9]      ; ufm|maxii_ufm_block1|osc ; ufm|maxii_ufm_block1|osc ; 0.000        ; 0.000      ; 1.899      ;
; 1.684 ; ioreq[29]     ; ioreq[29]     ; ufm|maxii_ufm_block1|osc ; ufm|maxii_ufm_block1|osc ; 0.000        ; 0.000      ; 1.905      ;
; 1.685 ; ioreq[17]     ; ioreq[17]     ; ufm|maxii_ufm_block1|osc ; ufm|maxii_ufm_block1|osc ; 0.000        ; 0.000      ; 1.906      ;
; 1.685 ; test_addr[0]  ; test_addr[0]  ; ufm|maxii_ufm_block1|osc ; ufm|maxii_ufm_block1|osc ; 0.000        ; 0.000      ; 1.906      ;
; 1.926 ; ioreq[15]     ; ioreq[15]     ; ufm|maxii_ufm_block1|osc ; ufm|maxii_ufm_block1|osc ; 0.000        ; 0.000      ; 2.147      ;
; 1.935 ; ioreq[25]     ; ioreq[25]     ; ufm|maxii_ufm_block1|osc ; ufm|maxii_ufm_block1|osc ; 0.000        ; 0.000      ; 2.156      ;
; 1.935 ; ioreq[21]     ; ioreq[21]     ; ufm|maxii_ufm_block1|osc ; ufm|maxii_ufm_block1|osc ; 0.000        ; 0.000      ; 2.156      ;
; 1.936 ; ioreq[23]     ; ioreq[23]     ; ufm|maxii_ufm_block1|osc ; ufm|maxii_ufm_block1|osc ; 0.000        ; 0.000      ; 2.157      ;
; 1.936 ; ioreq[8]      ; ioreq[8]      ; ufm|maxii_ufm_block1|osc ; ufm|maxii_ufm_block1|osc ; 0.000        ; 0.000      ; 2.157      ;
; 1.937 ; ioreq[10]     ; ioreq[10]     ; ufm|maxii_ufm_block1|osc ; ufm|maxii_ufm_block1|osc ; 0.000        ; 0.000      ; 2.158      ;
; 1.952 ; ioreq[16]     ; ioreq[16]     ; ufm|maxii_ufm_block1|osc ; ufm|maxii_ufm_block1|osc ; 0.000        ; 0.000      ; 2.173      ;
; 2.108 ; test_addr[5]  ; test_addr[5]  ; ufm|maxii_ufm_block1|osc ; ufm|maxii_ufm_block1|osc ; 0.000        ; 0.000      ; 2.329      ;
; 2.116 ; test_addr[8]  ; test_addr[8]  ; ufm|maxii_ufm_block1|osc ; ufm|maxii_ufm_block1|osc ; 0.000        ; 0.000      ; 2.337      ;
; 2.117 ; test_addr[9]  ; test_addr[9]  ; ufm|maxii_ufm_block1|osc ; ufm|maxii_ufm_block1|osc ; 0.000        ; 0.000      ; 2.338      ;
; 2.117 ; test_addr[10] ; test_addr[10] ; ufm|maxii_ufm_block1|osc ; ufm|maxii_ufm_block1|osc ; 0.000        ; 0.000      ; 2.338      ;
; 2.117 ; test_addr[15] ; test_addr[15] ; ufm|maxii_ufm_block1|osc ; ufm|maxii_ufm_block1|osc ; 0.000        ; 0.000      ; 2.338      ;
; 2.125 ; ioreq[12]     ; ioreq[12]     ; ufm|maxii_ufm_block1|osc ; ufm|maxii_ufm_block1|osc ; 0.000        ; 0.000      ; 2.346      ;
; 2.127 ; ioreq[20]     ; ioreq[20]     ; ufm|maxii_ufm_block1|osc ; ufm|maxii_ufm_block1|osc ; 0.000        ; 0.000      ; 2.348      ;
; 2.133 ; ioreq[7]      ; ioreq[7]      ; ufm|maxii_ufm_block1|osc ; ufm|maxii_ufm_block1|osc ; 0.000        ; 0.000      ; 2.354      ;
; 2.135 ; test_addr[7]  ; test_addr[7]  ; ufm|maxii_ufm_block1|osc ; ufm|maxii_ufm_block1|osc ; 0.000        ; 0.000      ; 2.356      ;
; 2.136 ; ioreq[11]     ; ioreq[11]     ; ufm|maxii_ufm_block1|osc ; ufm|maxii_ufm_block1|osc ; 0.000        ; 0.000      ; 2.357      ;
; 2.144 ; ioreq[31]     ; ioreq[31]     ; ufm|maxii_ufm_block1|osc ; ufm|maxii_ufm_block1|osc ; 0.000        ; 0.000      ; 2.365      ;
; 2.155 ; ioreq[14]     ; ioreq[14]     ; ufm|maxii_ufm_block1|osc ; ufm|maxii_ufm_block1|osc ; 0.000        ; 0.000      ; 2.376      ;
; 2.155 ; test_addr[0]  ; r[0]~reg0     ; ufm|maxii_ufm_block1|osc ; ufm|maxii_ufm_block1|osc ; 0.000        ; 0.000      ; 2.376      ;
; 2.156 ; test_addr[0]  ; test_addr[1]  ; ufm|maxii_ufm_block1|osc ; ufm|maxii_ufm_block1|osc ; 0.000        ; 0.000      ; 2.377      ;
; 2.221 ; test_addr[1]  ; test_addr[1]  ; ufm|maxii_ufm_block1|osc ; ufm|maxii_ufm_block1|osc ; 0.000        ; 0.000      ; 2.442      ;
; 2.221 ; test_addr[6]  ; test_addr[6]  ; ufm|maxii_ufm_block1|osc ; ufm|maxii_ufm_block1|osc ; 0.000        ; 0.000      ; 2.442      ;
; 2.222 ; rvalid        ; rvalid        ; ufm|maxii_ufm_block1|osc ; ufm|maxii_ufm_block1|osc ; 0.000        ; 0.000      ; 2.443      ;
; 2.222 ; ioreq[1]      ; ioreq[1]      ; ufm|maxii_ufm_block1|osc ; ufm|maxii_ufm_block1|osc ; 0.000        ; 0.000      ; 2.443      ;
; 2.222 ; test_addr[11] ; test_addr[11] ; ufm|maxii_ufm_block1|osc ; ufm|maxii_ufm_block1|osc ; 0.000        ; 0.000      ; 2.443      ;
; 2.230 ; test_addr[3]  ; test_addr[3]  ; ufm|maxii_ufm_block1|osc ; ufm|maxii_ufm_block1|osc ; 0.000        ; 0.000      ; 2.451      ;
; 2.230 ; test_addr[13] ; test_addr[13] ; ufm|maxii_ufm_block1|osc ; ufm|maxii_ufm_block1|osc ; 0.000        ; 0.000      ; 2.451      ;
; 2.231 ; test_addr[2]  ; test_addr[2]  ; ufm|maxii_ufm_block1|osc ; ufm|maxii_ufm_block1|osc ; 0.000        ; 0.000      ; 2.452      ;
; 2.231 ; test_addr[4]  ; test_addr[4]  ; ufm|maxii_ufm_block1|osc ; ufm|maxii_ufm_block1|osc ; 0.000        ; 0.000      ; 2.452      ;
; 2.231 ; test_addr[12] ; test_addr[12] ; ufm|maxii_ufm_block1|osc ; ufm|maxii_ufm_block1|osc ; 0.000        ; 0.000      ; 2.452      ;
; 2.231 ; test_addr[14] ; test_addr[14] ; ufm|maxii_ufm_block1|osc ; ufm|maxii_ufm_block1|osc ; 0.000        ; 0.000      ; 2.452      ;
; 2.233 ; ioreq[5]      ; ioreq[5]      ; ufm|maxii_ufm_block1|osc ; ufm|maxii_ufm_block1|osc ; 0.000        ; 0.000      ; 2.454      ;
; 2.240 ; ioreq[6]      ; ioreq[6]      ; ufm|maxii_ufm_block1|osc ; ufm|maxii_ufm_block1|osc ; 0.000        ; 0.000      ; 2.461      ;
; 2.249 ; ioreq[26]     ; ioreq[26]     ; ufm|maxii_ufm_block1|osc ; ufm|maxii_ufm_block1|osc ; 0.000        ; 0.000      ; 2.470      ;
; 2.249 ; ioreq[30]     ; ioreq[30]     ; ufm|maxii_ufm_block1|osc ; ufm|maxii_ufm_block1|osc ; 0.000        ; 0.000      ; 2.470      ;
; 2.249 ; ioreq[24]     ; ioreq[24]     ; ufm|maxii_ufm_block1|osc ; ufm|maxii_ufm_block1|osc ; 0.000        ; 0.000      ; 2.470      ;
; 2.249 ; ioreq[27]     ; ioreq[27]     ; ufm|maxii_ufm_block1|osc ; ufm|maxii_ufm_block1|osc ; 0.000        ; 0.000      ; 2.470      ;
; 2.250 ; ioreq[13]     ; ioreq[13]     ; ufm|maxii_ufm_block1|osc ; ufm|maxii_ufm_block1|osc ; 0.000        ; 0.000      ; 2.471      ;
; 2.251 ; ioreq[22]     ; ioreq[22]     ; ufm|maxii_ufm_block1|osc ; ufm|maxii_ufm_block1|osc ; 0.000        ; 0.000      ; 2.472      ;
; 2.269 ; ioreq[3]      ; ioreq[3]      ; ufm|maxii_ufm_block1|osc ; ufm|maxii_ufm_block1|osc ; 0.000        ; 0.000      ; 2.490      ;
; 2.273 ; ioreq[28]     ; ioreq[28]     ; ufm|maxii_ufm_block1|osc ; ufm|maxii_ufm_block1|osc ; 0.000        ; 0.000      ; 2.494      ;
; 2.273 ; ioreq[2]      ; ioreq[2]      ; ufm|maxii_ufm_block1|osc ; ufm|maxii_ufm_block1|osc ; 0.000        ; 0.000      ; 2.494      ;
; 2.274 ; ioreq[18]     ; ioreq[18]     ; ufm|maxii_ufm_block1|osc ; ufm|maxii_ufm_block1|osc ; 0.000        ; 0.000      ; 2.495      ;
; 2.274 ; ioreq[0]      ; ioreq[0]      ; ufm|maxii_ufm_block1|osc ; ufm|maxii_ufm_block1|osc ; 0.000        ; 0.000      ; 2.495      ;
; 2.285 ; ioreq[4]      ; ioreq[4]      ; ufm|maxii_ufm_block1|osc ; ufm|maxii_ufm_block1|osc ; 0.000        ; 0.000      ; 2.506      ;
; 2.289 ; rtest         ; r[9]~reg0     ; ufm|maxii_ufm_block1|osc ; ufm|maxii_ufm_block1|osc ; 0.000        ; 0.000      ; 2.510      ;
; 2.294 ; rtest         ; r[11]~reg0    ; ufm|maxii_ufm_block1|osc ; ufm|maxii_ufm_block1|osc ; 0.000        ; 0.000      ; 2.515      ;
; 2.295 ; rtest         ; r[8]~reg0     ; ufm|maxii_ufm_block1|osc ; ufm|maxii_ufm_block1|osc ; 0.000        ; 0.000      ; 2.516      ;
; 2.296 ; rtest         ; r[10]~reg0    ; ufm|maxii_ufm_block1|osc ; ufm|maxii_ufm_block1|osc ; 0.000        ; 0.000      ; 2.517      ;
; 2.510 ; test_addr[2]  ; r[2]~reg0     ; ufm|maxii_ufm_block1|osc ; ufm|maxii_ufm_block1|osc ; 0.000        ; 0.000      ; 2.731      ;
; 2.563 ; ATNr[0]       ; ATNr[1]       ; ufm|maxii_ufm_block1|osc ; ufm|maxii_ufm_block1|osc ; 0.000        ; 0.000      ; 2.784      ;
; 2.643 ; test_addr[4]  ; r[4]~reg0     ; ufm|maxii_ufm_block1|osc ; ufm|maxii_ufm_block1|osc ; 0.000        ; 0.000      ; 2.864      ;
; 2.766 ; test_addr[15] ; r[15]~reg0    ; ufm|maxii_ufm_block1|osc ; ufm|maxii_ufm_block1|osc ; 0.000        ; 0.000      ; 2.987      ;
; 2.835 ; ACK~reg0      ; ACK~reg0      ; ufm|maxii_ufm_block1|osc ; ufm|maxii_ufm_block1|osc ; 0.000        ; 0.000      ; 3.056      ;
; 2.835 ; errors[4]     ; errors[4]     ; ufm|maxii_ufm_block1|osc ; ufm|maxii_ufm_block1|osc ; 0.000        ; 0.000      ; 3.056      ;
; 2.928 ; RATNr[1]      ; r[3]~en       ; ufm|maxii_ufm_block1|osc ; ufm|maxii_ufm_block1|osc ; 0.000        ; 0.000      ; 3.149      ;
; 2.930 ; RATNr[1]      ; r[2]~en       ; ufm|maxii_ufm_block1|osc ; ufm|maxii_ufm_block1|osc ; 0.000        ; 0.000      ; 3.151      ;
; 2.938 ; RATNr[1]      ; r[0]~en       ; ufm|maxii_ufm_block1|osc ; ufm|maxii_ufm_block1|osc ; 0.000        ; 0.000      ; 3.159      ;
; 2.939 ; RATNr[1]      ; r[7]~en       ; ufm|maxii_ufm_block1|osc ; ufm|maxii_ufm_block1|osc ; 0.000        ; 0.000      ; 3.160      ;
; 2.940 ; test_addr[5]  ; test_addr[6]  ; ufm|maxii_ufm_block1|osc ; ufm|maxii_ufm_block1|osc ; 0.000        ; 0.000      ; 3.161      ;
; 2.948 ; test_addr[8]  ; test_addr[9]  ; ufm|maxii_ufm_block1|osc ; ufm|maxii_ufm_block1|osc ; 0.000        ; 0.000      ; 3.169      ;
; 2.949 ; test_addr[9]  ; test_addr[10] ; ufm|maxii_ufm_block1|osc ; ufm|maxii_ufm_block1|osc ; 0.000        ; 0.000      ; 3.170      ;
; 2.949 ; test_addr[10] ; test_addr[11] ; ufm|maxii_ufm_block1|osc ; ufm|maxii_ufm_block1|osc ; 0.000        ; 0.000      ; 3.170      ;
; 2.988 ; test_addr[0]  ; test_addr[2]  ; ufm|maxii_ufm_block1|osc ; ufm|maxii_ufm_block1|osc ; 0.000        ; 0.000      ; 3.209      ;
; 3.011 ; errors[6]     ; errors[6]     ; ufm|maxii_ufm_block1|osc ; ufm|maxii_ufm_block1|osc ; 0.000        ; 0.000      ; 3.232      ;
; 3.048 ; ATNr[1]       ; errors[1]     ; ufm|maxii_ufm_block1|osc ; ufm|maxii_ufm_block1|osc ; 0.000        ; 0.000      ; 3.269      ;
; 3.048 ; ATNr[1]       ; errors[0]     ; ufm|maxii_ufm_block1|osc ; ufm|maxii_ufm_block1|osc ; 0.000        ; 0.000      ; 3.269      ;
; 3.048 ; ATNr[1]       ; errors[3]     ; ufm|maxii_ufm_block1|osc ; ufm|maxii_ufm_block1|osc ; 0.000        ; 0.000      ; 3.269      ;
; 3.048 ; ATNr[1]       ; errors[5]     ; ufm|maxii_ufm_block1|osc ; ufm|maxii_ufm_block1|osc ; 0.000        ; 0.000      ; 3.269      ;
; 3.048 ; ATNr[1]       ; errors[7]     ; ufm|maxii_ufm_block1|osc ; ufm|maxii_ufm_block1|osc ; 0.000        ; 0.000      ; 3.269      ;
; 3.048 ; ATNr[1]       ; errors[2]     ; ufm|maxii_ufm_block1|osc ; ufm|maxii_ufm_block1|osc ; 0.000        ; 0.000      ; 3.269      ;
; 3.051 ; test_addr[5]  ; test_addr[7]  ; ufm|maxii_ufm_block1|osc ; ufm|maxii_ufm_block1|osc ; 0.000        ; 0.000      ; 3.272      ;
; 3.059 ; test_addr[8]  ; test_addr[10] ; ufm|maxii_ufm_block1|osc ; ufm|maxii_ufm_block1|osc ; 0.000        ; 0.000      ; 3.280      ;
; 3.060 ; test_addr[10] ; test_addr[12] ; ufm|maxii_ufm_block1|osc ; ufm|maxii_ufm_block1|osc ; 0.000        ; 0.000      ; 3.281      ;
; 3.060 ; test_addr[9]  ; test_addr[11] ; ufm|maxii_ufm_block1|osc ; ufm|maxii_ufm_block1|osc ; 0.000        ; 0.000      ; 3.281      ;
; 3.085 ; rvalid        ; led[0]~reg0   ; ufm|maxii_ufm_block1|osc ; ufm|maxii_ufm_block1|osc ; 0.000        ; 0.000      ; 3.306      ;
; 3.154 ; test_addr[1]  ; r[1]~reg0     ; ufm|maxii_ufm_block1|osc ; ufm|maxii_ufm_block1|osc ; 0.000        ; 0.000      ; 3.375      ;
; 3.161 ; test_addr[1]  ; test_addr[2]  ; ufm|maxii_ufm_block1|osc ; ufm|maxii_ufm_block1|osc ; 0.000        ; 0.000      ; 3.382      ;
; 3.161 ; test_addr[6]  ; test_addr[7]  ; ufm|maxii_ufm_block1|osc ; ufm|maxii_ufm_block1|osc ; 0.000        ; 0.000      ; 3.382      ;
; 3.162 ; test_addr[11] ; test_addr[12] ; ufm|maxii_ufm_block1|osc ; ufm|maxii_ufm_block1|osc ; 0.000        ; 0.000      ; 3.383      ;
; 3.170 ; test_addr[3]  ; test_addr[4]  ; ufm|maxii_ufm_block1|osc ; ufm|maxii_ufm_block1|osc ; 0.000        ; 0.000      ; 3.391      ;
; 3.170 ; test_addr[13] ; test_addr[14] ; ufm|maxii_ufm_block1|osc ; ufm|maxii_ufm_block1|osc ; 0.000        ; 0.000      ; 3.391      ;
; 3.170 ; test_addr[8]  ; test_addr[11] ; ufm|maxii_ufm_block1|osc ; ufm|maxii_ufm_block1|osc ; 0.000        ; 0.000      ; 3.391      ;
; 3.171 ; test_addr[4]  ; test_addr[5]  ; ufm|maxii_ufm_block1|osc ; ufm|maxii_ufm_block1|osc ; 0.000        ; 0.000      ; 3.392      ;
; 3.171 ; test_addr[14] ; test_addr[15] ; ufm|maxii_ufm_block1|osc ; ufm|maxii_ufm_block1|osc ; 0.000        ; 0.000      ; 3.392      ;
; 3.171 ; test_addr[9]  ; test_addr[12] ; ufm|maxii_ufm_block1|osc ; ufm|maxii_ufm_block1|osc ; 0.000        ; 0.000      ; 3.392      ;
; 3.269 ; RATNr[0]      ; r[8]~reg0     ; ufm|maxii_ufm_block1|osc ; ufm|maxii_ufm_block1|osc ; 0.000        ; 0.000      ; 3.490      ;
; 3.281 ; test_addr[3]  ; test_addr[5]  ; ufm|maxii_ufm_block1|osc ; ufm|maxii_ufm_block1|osc ; 0.000        ; 0.000      ; 3.502      ;
; 3.281 ; test_addr[13] ; test_addr[15] ; ufm|maxii_ufm_block1|osc ; ufm|maxii_ufm_block1|osc ; 0.000        ; 0.000      ; 3.502      ;
; 3.281 ; test_addr[8]  ; test_addr[12] ; ufm|maxii_ufm_block1|osc ; ufm|maxii_ufm_block1|osc ; 0.000        ; 0.000      ; 3.502      ;
; 3.282 ; test_addr[4]  ; test_addr[6]  ; ufm|maxii_ufm_block1|osc ; ufm|maxii_ufm_block1|osc ; 0.000        ; 0.000      ; 3.503      ;
+-------+---------------+---------------+--------------------------+--------------------------+--------------+------------+------------+


+-------------------------------------------------------------------------------------------------+
; Setup Transfers                                                                                 ;
+--------------------------+--------------------------+----------+----------+----------+----------+
; From Clock               ; To Clock                 ; RR Paths ; FR Paths ; RF Paths ; FF Paths ;
+--------------------------+--------------------------+----------+----------+----------+----------+
; ufm|maxii_ufm_block1|osc ; ufm|maxii_ufm_block1|osc ; 1335     ; 0        ; 0        ; 0        ;
+--------------------------+--------------------------+----------+----------+----------+----------+
Entries labeled "false path" only account for clock-to-clock false paths and not path-based false paths. As a result, actual path counts may be lower than reported.


+-------------------------------------------------------------------------------------------------+
; Hold Transfers                                                                                  ;
+--------------------------+--------------------------+----------+----------+----------+----------+
; From Clock               ; To Clock                 ; RR Paths ; FR Paths ; RF Paths ; FF Paths ;
+--------------------------+--------------------------+----------+----------+----------+----------+
; ufm|maxii_ufm_block1|osc ; ufm|maxii_ufm_block1|osc ; 1335     ; 0        ; 0        ; 0        ;
+--------------------------+--------------------------+----------+----------+----------+----------+
Entries labeled "false path" only account for clock-to-clock false paths and not path-based false paths. As a result, actual path counts may be lower than reported.


---------------
; Report TCCS ;
---------------
No dedicated SERDES Transmitter circuitry present in device or used in design


---------------
; Report RSKM ;
---------------
No non-DPA dedicated SERDES Receiver circuitry present in device or used in design


+------------------------------------------------+
; Unconstrained Paths Summary                    ;
+---------------------------------+-------+------+
; Property                        ; Setup ; Hold ;
+---------------------------------+-------+------+
; Illegal Clocks                  ; 0     ; 0    ;
; Unconstrained Clocks            ; 0     ; 0    ;
; Unconstrained Input Ports       ; 46    ; 46   ;
; Unconstrained Input Port Paths  ; 483   ; 483  ;
; Unconstrained Output Ports      ; 37    ; 37   ;
; Unconstrained Output Port Paths ; 107   ; 107  ;
+---------------------------------+-------+------+


+--------------------------------------------------------------------------+
; Clock Status Summary                                                     ;
+--------------------------+--------------------------+------+-------------+
; Target                   ; Clock                    ; Type ; Status      ;
+--------------------------+--------------------------+------+-------------+
; ufm|maxii_ufm_block1|osc ; ufm|maxii_ufm_block1|osc ; Base ; Constrained ;
+--------------------------+--------------------------+------+-------------+


+---------------------------------------------------------------------------------------------------+
; Unconstrained Input Ports                                                                         ;
+------------+--------------------------------------------------------------------------------------+
; Input Port ; Comment                                                                              ;
+------------+--------------------------------------------------------------------------------------+
; RATN       ; No input delay, min/max delays, false-path exceptions, or max skew assignments found ;
; a[0]       ; No input delay, min/max delays, false-path exceptions, or max skew assignments found ;
; a[1]       ; No input delay, min/max delays, false-path exceptions, or max skew assignments found ;
; a[2]       ; No input delay, min/max delays, false-path exceptions, or max skew assignments found ;
; a[3]       ; No input delay, min/max delays, false-path exceptions, or max skew assignments found ;
; a[4]       ; No input delay, min/max delays, false-path exceptions, or max skew assignments found ;
; a[5]       ; No input delay, min/max delays, false-path exceptions, or max skew assignments found ;
; a[6]       ; No input delay, min/max delays, false-path exceptions, or max skew assignments found ;
; a[7]       ; No input delay, min/max delays, false-path exceptions, or max skew assignments found ;
; a[8]       ; No input delay, min/max delays, false-path exceptions, or max skew assignments found ;
; a[9]       ; No input delay, min/max delays, false-path exceptions, or max skew assignments found ;
; a[10]      ; No input delay, min/max delays, false-path exceptions, or max skew assignments found ;
; a[11]      ; No input delay, min/max delays, false-path exceptions, or max skew assignments found ;
; a[12]      ; No input delay, min/max delays, false-path exceptions, or max skew assignments found ;
; a[13]      ; No input delay, min/max delays, false-path exceptions, or max skew assignments found ;
; a[14]      ; No input delay, min/max delays, false-path exceptions, or max skew assignments found ;
; a[15]      ; No input delay, min/max delays, false-path exceptions, or max skew assignments found ;
; cmd[0]     ; No input delay, min/max delays, false-path exceptions, or max skew assignments found ;
; cmd[1]     ; No input delay, min/max delays, false-path exceptions, or max skew assignments found ;
; d[0]       ; No input delay, min/max delays, false-path exceptions, or max skew assignments found ;
; d[1]       ; No input delay, min/max delays, false-path exceptions, or max skew assignments found ;
; d[2]       ; No input delay, min/max delays, false-path exceptions, or max skew assignments found ;
; d[3]       ; No input delay, min/max delays, false-path exceptions, or max skew assignments found ;
; d[4]       ; No input delay, min/max delays, false-path exceptions, or max skew assignments found ;
; d[5]       ; No input delay, min/max delays, false-path exceptions, or max skew assignments found ;
; d[6]       ; No input delay, min/max delays, false-path exceptions, or max skew assignments found ;
; d[7]       ; No input delay, min/max delays, false-path exceptions, or max skew assignments found ;
; msltsl     ; No input delay, min/max delays, false-path exceptions, or max skew assignments found ;
; r[0]       ; No input delay, min/max delays, false-path exceptions, or max skew assignments found ;
; r[1]       ; No input delay, min/max delays, false-path exceptions, or max skew assignments found ;
; r[2]       ; No input delay, min/max delays, false-path exceptions, or max skew assignments found ;
; r[3]       ; No input delay, min/max delays, false-path exceptions, or max skew assignments found ;
; r[4]       ; No input delay, min/max delays, false-path exceptions, or max skew assignments found ;
; r[5]       ; No input delay, min/max delays, false-path exceptions, or max skew assignments found ;
; r[6]       ; No input delay, min/max delays, false-path exceptions, or max skew assignments found ;
; r[7]       ; No input delay, min/max delays, false-path exceptions, or max skew assignments found ;
; r[8]       ; No input delay, min/max delays, false-path exceptions, or max skew assignments found ;
; r[9]       ; No input delay, min/max delays, false-path exceptions, or max skew assignments found ;
; r[11]      ; No input delay, min/max delays, false-path exceptions, or max skew assignments found ;
; r[14]      ; No input delay, min/max delays, false-path exceptions, or max skew assignments found ;
; r[15]      ; No input delay, min/max delays, false-path exceptions, or max skew assignments found ;
; ziorq      ; No input delay, min/max delays, false-path exceptions, or max skew assignments found ;
; zmreq      ; No input delay, min/max delays, false-path exceptions, or max skew assignments found ;
; zrd        ; No input delay, min/max delays, false-path exceptions, or max skew assignments found ;
; zrst       ; No input delay, min/max delays, false-path exceptions, or max skew assignments found ;
; zwr        ; No input delay, min/max delays, false-path exceptions, or max skew assignments found ;
+------------+--------------------------------------------------------------------------------------+


+-----------------------------------------------------------------------------------------------------+
; Unconstrained Output Ports                                                                          ;
+-------------+---------------------------------------------------------------------------------------+
; Output Port ; Comment                                                                               ;
+-------------+---------------------------------------------------------------------------------------+
; ACK         ; No output delay, min/max delays, false-path exceptions, or max skew assignments found ;
; ATN         ; No output delay, min/max delays, false-path exceptions, or max skew assignments found ;
; d[0]        ; No output delay, min/max delays, false-path exceptions, or max skew assignments found ;
; d[1]        ; No output delay, min/max delays, false-path exceptions, or max skew assignments found ;
; d[2]        ; No output delay, min/max delays, false-path exceptions, or max skew assignments found ;
; d[3]        ; No output delay, min/max delays, false-path exceptions, or max skew assignments found ;
; d[4]        ; No output delay, min/max delays, false-path exceptions, or max skew assignments found ;
; d[5]        ; No output delay, min/max delays, false-path exceptions, or max skew assignments found ;
; d[6]        ; No output delay, min/max delays, false-path exceptions, or max skew assignments found ;
; d[7]        ; No output delay, min/max delays, false-path exceptions, or max skew assignments found ;
; dd          ; No output delay, min/max delays, false-path exceptions, or max skew assignments found ;
; led[0]      ; No output delay, min/max delays, false-path exceptions, or max skew assignments found ;
; led[1]      ; No output delay, min/max delays, false-path exceptions, or max skew assignments found ;
; led[2]      ; No output delay, min/max delays, false-path exceptions, or max skew assignments found ;
; mbd         ; No output delay, min/max delays, false-path exceptions, or max skew assignments found ;
; r[0]        ; No output delay, min/max delays, false-path exceptions, or max skew assignments found ;
; r[1]        ; No output delay, min/max delays, false-path exceptions, or max skew assignments found ;
; r[2]        ; No output delay, min/max delays, false-path exceptions, or max skew assignments found ;
; r[3]        ; No output delay, min/max delays, false-path exceptions, or max skew assignments found ;
; r[4]        ; No output delay, min/max delays, false-path exceptions, or max skew assignments found ;
; r[5]        ; No output delay, min/max delays, false-path exceptions, or max skew assignments found ;
; r[6]        ; No output delay, min/max delays, false-path exceptions, or max skew assignments found ;
; r[7]        ; No output delay, min/max delays, false-path exceptions, or max skew assignments found ;
; r[8]        ; No output delay, min/max delays, false-path exceptions, or max skew assignments found ;
; r[9]        ; No output delay, min/max delays, false-path exceptions, or max skew assignments found ;
; r[10]       ; No output delay, min/max delays, false-path exceptions, or max skew assignments found ;
; r[11]       ; No output delay, min/max delays, false-path exceptions, or max skew assignments found ;
; r[12]       ; No output delay, min/max delays, false-path exceptions, or max skew assignments found ;
; r[13]       ; No output delay, min/max delays, false-path exceptions, or max skew assignments found ;
; r[14]       ; No output delay, min/max delays, false-path exceptions, or max skew assignments found ;
; r[15]       ; No output delay, min/max delays, false-path exceptions, or max skew assignments found ;
; rs[0]       ; No output delay, min/max delays, false-path exceptions, or max skew assignments found ;
; rs[1]       ; No output delay, min/max delays, false-path exceptions, or max skew assignments found ;
; rs[2]       ; No output delay, min/max delays, false-path exceptions, or max skew assignments found ;
; rs[3]       ; No output delay, min/max delays, false-path exceptions, or max skew assignments found ;
; zint        ; No output delay, min/max delays, false-path exceptions, or max skew assignments found ;
; zwait       ; No output delay, min/max delays, false-path exceptions, or max skew assignments found ;
+-------------+---------------------------------------------------------------------------------------+


+---------------------------------------------------------------------------------------------------+
; Unconstrained Input Ports                                                                         ;
+------------+--------------------------------------------------------------------------------------+
; Input Port ; Comment                                                                              ;
+------------+--------------------------------------------------------------------------------------+
; RATN       ; No input delay, min/max delays, false-path exceptions, or max skew assignments found ;
; a[0]       ; No input delay, min/max delays, false-path exceptions, or max skew assignments found ;
; a[1]       ; No input delay, min/max delays, false-path exceptions, or max skew assignments found ;
; a[2]       ; No input delay, min/max delays, false-path exceptions, or max skew assignments found ;
; a[3]       ; No input delay, min/max delays, false-path exceptions, or max skew assignments found ;
; a[4]       ; No input delay, min/max delays, false-path exceptions, or max skew assignments found ;
; a[5]       ; No input delay, min/max delays, false-path exceptions, or max skew assignments found ;
; a[6]       ; No input delay, min/max delays, false-path exceptions, or max skew assignments found ;
; a[7]       ; No input delay, min/max delays, false-path exceptions, or max skew assignments found ;
; a[8]       ; No input delay, min/max delays, false-path exceptions, or max skew assignments found ;
; a[9]       ; No input delay, min/max delays, false-path exceptions, or max skew assignments found ;
; a[10]      ; No input delay, min/max delays, false-path exceptions, or max skew assignments found ;
; a[11]      ; No input delay, min/max delays, false-path exceptions, or max skew assignments found ;
; a[12]      ; No input delay, min/max delays, false-path exceptions, or max skew assignments found ;
; a[13]      ; No input delay, min/max delays, false-path exceptions, or max skew assignments found ;
; a[14]      ; No input delay, min/max delays, false-path exceptions, or max skew assignments found ;
; a[15]      ; No input delay, min/max delays, false-path exceptions, or max skew assignments found ;
; cmd[0]     ; No input delay, min/max delays, false-path exceptions, or max skew assignments found ;
; cmd[1]     ; No input delay, min/max delays, false-path exceptions, or max skew assignments found ;
; d[0]       ; No input delay, min/max delays, false-path exceptions, or max skew assignments found ;
; d[1]       ; No input delay, min/max delays, false-path exceptions, or max skew assignments found ;
; d[2]       ; No input delay, min/max delays, false-path exceptions, or max skew assignments found ;
; d[3]       ; No input delay, min/max delays, false-path exceptions, or max skew assignments found ;
; d[4]       ; No input delay, min/max delays, false-path exceptions, or max skew assignments found ;
; d[5]       ; No input delay, min/max delays, false-path exceptions, or max skew assignments found ;
; d[6]       ; No input delay, min/max delays, false-path exceptions, or max skew assignments found ;
; d[7]       ; No input delay, min/max delays, false-path exceptions, or max skew assignments found ;
; msltsl     ; No input delay, min/max delays, false-path exceptions, or max skew assignments found ;
; r[0]       ; No input delay, min/max delays, false-path exceptions, or max skew assignments found ;
; r[1]       ; No input delay, min/max delays, false-path exceptions, or max skew assignments found ;
; r[2]       ; No input delay, min/max delays, false-path exceptions, or max skew assignments found ;
; r[3]       ; No input delay, min/max delays, false-path exceptions, or max skew assignments found ;
; r[4]       ; No input delay, min/max delays, false-path exceptions, or max skew assignments found ;
; r[5]       ; No input delay, min/max delays, false-path exceptions, or max skew assignments found ;
; r[6]       ; No input delay, min/max delays, false-path exceptions, or max skew assignments found ;
; r[7]       ; No input delay, min/max delays, false-path exceptions, or max skew assignments found ;
; r[8]       ; No input delay, min/max delays, false-path exceptions, or max skew assignments found ;
; r[9]       ; No input delay, min/max delays, false-path exceptions, or max skew assignments found ;
; r[11]      ; No input delay, min/max delays, false-path exceptions, or max skew assignments found ;
; r[14]      ; No input delay, min/max delays, false-path exceptions, or max skew assignments found ;
; r[15]      ; No input delay, min/max delays, false-path exceptions, or max skew assignments found ;
; ziorq      ; No input delay, min/max delays, false-path exceptions, or max skew assignments found ;
; zmreq      ; No input delay, min/max delays, false-path exceptions, or max skew assignments found ;
; zrd        ; No input delay, min/max delays, false-path exceptions, or max skew assignments found ;
; zrst       ; No input delay, min/max delays, false-path exceptions, or max skew assignments found ;
; zwr        ; No input delay, min/max delays, false-path exceptions, or max skew assignments found ;
+------------+--------------------------------------------------------------------------------------+


+-----------------------------------------------------------------------------------------------------+
; Unconstrained Output Ports                                                                          ;
+-------------+---------------------------------------------------------------------------------------+
; Output Port ; Comment                                                                               ;
+-------------+---------------------------------------------------------------------------------------+
; ACK         ; No output delay, min/max delays, false-path exceptions, or max skew assignments found ;
; ATN         ; No output delay, min/max delays, false-path exceptions, or max skew assignments found ;
; d[0]        ; No output delay, min/max delays, false-path exceptions, or max skew assignments found ;
; d[1]        ; No output delay, min/max delays, false-path exceptions, or max skew assignments found ;
; d[2]        ; No output delay, min/max delays, false-path exceptions, or max skew assignments found ;
; d[3]        ; No output delay, min/max delays, false-path exceptions, or max skew assignments found ;
; d[4]        ; No output delay, min/max delays, false-path exceptions, or max skew assignments found ;
; d[5]        ; No output delay, min/max delays, false-path exceptions, or max skew assignments found ;
; d[6]        ; No output delay, min/max delays, false-path exceptions, or max skew assignments found ;
; d[7]        ; No output delay, min/max delays, false-path exceptions, or max skew assignments found ;
; dd          ; No output delay, min/max delays, false-path exceptions, or max skew assignments found ;
; led[0]      ; No output delay, min/max delays, false-path exceptions, or max skew assignments found ;
; led[1]      ; No output delay, min/max delays, false-path exceptions, or max skew assignments found ;
; led[2]      ; No output delay, min/max delays, false-path exceptions, or max skew assignments found ;
; mbd         ; No output delay, min/max delays, false-path exceptions, or max skew assignments found ;
; r[0]        ; No output delay, min/max delays, false-path exceptions, or max skew assignments found ;
; r[1]        ; No output delay, min/max delays, false-path exceptions, or max skew assignments found ;
; r[2]        ; No output delay, min/max delays, false-path exceptions, or max skew assignments found ;
; r[3]        ; No output delay, min/max delays, false-path exceptions, or max skew assignments found ;
; r[4]        ; No output delay, min/max delays, false-path exceptions, or max skew assignments found ;
; r[5]        ; No output delay, min/max delays, false-path exceptions, or max skew assignments found ;
; r[6]        ; No output delay, min/max delays, false-path exceptions, or max skew assignments found ;
; r[7]        ; No output delay, min/max delays, false-path exceptions, or max skew assignments found ;
; r[8]        ; No output delay, min/max delays, false-path exceptions, or max skew assignments found ;
; r[9]        ; No output delay, min/max delays, false-path exceptions, or max skew assignments found ;
; r[10]       ; No output delay, min/max delays, false-path exceptions, or max skew assignments found ;
; r[11]       ; No output delay, min/max delays, false-path exceptions, or max skew assignments found ;
; r[12]       ; No output delay, min/max delays, false-path exceptions, or max skew assignments found ;
; r[13]       ; No output delay, min/max delays, false-path exceptions, or max skew assignments found ;
; r[14]       ; No output delay, min/max delays, false-path exceptions, or max skew assignments found ;
; r[15]       ; No output delay, min/max delays, false-path exceptions, or max skew assignments found ;
; rs[0]       ; No output delay, min/max delays, false-path exceptions, or max skew assignments found ;
; rs[1]       ; No output delay, min/max delays, false-path exceptions, or max skew assignments found ;
; rs[2]       ; No output delay, min/max delays, false-path exceptions, or max skew assignments found ;
; rs[3]       ; No output delay, min/max delays, false-path exceptions, or max skew assignments found ;
; zint        ; No output delay, min/max delays, false-path exceptions, or max skew assignments found ;
; zwait       ; No output delay, min/max delays, false-path exceptions, or max skew assignments found ;
+-------------+---------------------------------------------------------------------------------------+


+------------------------------------+
; TimeQuest Timing Analyzer Messages ;
+------------------------------------+
Info: *******************************************************************
Info: Running Quartus Prime TimeQuest Timing Analyzer
    Info: Version 17.1.0 Build 590 10/25/2017 SJ Lite Edition
    Info: Processing started: Mon Apr 23 00:09:55 2018
Info: Command: quartus_sta RPMPv3 -c RPMPv3
Info: qsta_default_script.tcl version: #3
Info (20032): Parallel compilation is enabled and will use up to 4 processors
Info (21077): Low junction temperature is 0 degrees C
Info (21077): High junction temperature is 85 degrees C
Info (334003): Started post-fitting delay annotation
Info (334004): Delay annotation completed successfully
Critical Warning (332012): Synopsys Design Constraints File file not found: 'RPMPv3.sdc'. A Synopsys Design Constraints File is required by the TimeQuest Timing Analyzer to get proper timing constraints. Without it, the Compiler will not properly optimize the design.
Info (332142): No user constrained generated clocks found in the design. Calling "derive_pll_clocks -create_base_clocks"
Info (332110): Deriving PLL clocks
    Info (332110): create_clock -period 181.818 -name {ufm|maxii_ufm_block1|osc} {ufm|maxii_ufm_block1|osc}
Info (332142): No user constrained base clocks found in the design. Calling "derive_clocks -period 1.0"
Info (332096): The command derive_clocks did not find any clocks to derive.  No clocks were created or changed.
Info: Found TIMEQUEST_REPORT_SCRIPT_INCLUDE_DEFAULT_ANALYSIS = ON
Info: Can't run Report Timing Closure Recommendations. The current device family is not supported.
Info (332146): Worst-case setup slack is 165.649
    Info (332119):     Slack       End Point TNS Clock 
    Info (332119): ========= =================== =====================
    Info (332119):   165.649               0.000 ufm|maxii_ufm_block1|osc 
Info (332146): Worst-case hold slack is 1.408
    Info (332119):     Slack       End Point TNS Clock 
    Info (332119): ========= =================== =====================
    Info (332119):     1.408               0.000 ufm|maxii_ufm_block1|osc 
Info (332140): No Recovery paths to report
Info (332140): No Removal paths to report
Info (332146): Worst-case minimum pulse width slack is 90.643
    Info (332119):     Slack       End Point TNS Clock 
    Info (332119): ========= =================== =====================
    Info (332119):    90.643               0.000 ufm|maxii_ufm_block1|osc 
Info (332001): The selected device family is not supported by the report_metastability command.
Info (332102): Design is not fully constrained for setup requirements
Info (332102): Design is not fully constrained for hold requirements
Info: Quartus Prime TimeQuest Timing Analyzer was successful. 0 errors, 1 warning
    Info: Peak virtual memory: 621 megabytes
    Info: Processing ended: Mon Apr 23 00:09:58 2018
    Info: Elapsed time: 00:00:03
    Info: Total CPU time (on all processors): 00:00:02


